// Vitest Snapshot v1, https://vitest.dev/guide/snapshot.html

exports[`javascript > basic 1`] = `""`;

exports[`javascript > useCSSLayer 1`] = `""`;

exports[`typescript > basic 1`] = `""`;

exports[`typescript > useCSSLayer 1`] = `""`;
